---
source: src/renderers/pretty.rs
expression: rendered
---
// =============================================================================
// @ Line 10
// -----------------------------------------------------------------------------
// # the title
// -----------------------------------------------------------------------------
// $ the command
// =============================================================================

     1  | + bar
 2+ ++  |   foo* (glob+)
    14  | + bar



