---
source: src/renderers/junit.rs
assertion_line: 607
expression: rendered
---
<?xml version="1.0" encoding="UTF-8"?>
<testsuites tests="1" failures="0" errors="0" skipped="0" time="1.500">
  <testsuite name="path/file.md" tests="1" failures="0" errors="0" skipped="0" time="1.500">
    <testcase name="the title" classname="path/file.md" file="path/file.md" line="12" time="1.500"/>
  </testsuite>
</testsuites>
